
> admin-panel@0.1.0 build
> next build

▲ Next.js 16.2.6 (Turbopack)
- Environments: .env.local

  Creating an optimized production build ...
✓ Compiled successfully in 2.0min
  Running TypeScript ...
  Finished TypeScript in 97s ...
  Collecting page data using 7 workers ...
  Generating static pages using 7 workers (0/29) ...
  Generating static pages using 7 workers (7/29) 
  Generating static pages using 7 workers (14/29) 
  Generating static pages using 7 workers (21/29) 
✓ Generating static pages using 7 workers (29/29) in 5.6s
  Finalizing page optimization ...

Route (app)
┌ ○ /
├ ○ /_not-found
├ ○ /activity
├ ○ /analytics
├ ○ /api-keys
├ ƒ /api/dashboard/stream
├ ƒ /api/uploadthing
├ ○ /approvals
├ ○ /audit-log
├ ○ /blogs
├ ƒ /blogs/[id]/edit
├ ○ /blogs/new
├ ○ /categories
├ ○ /changelog
├ ○ /comments
├ ○ /credits
├ ○ /feature-flags
├ ○ /health
├ ○ /media
├ ○ /notifications
├ ○ /rewards
├ ○ /saas-products
├ ○ /saas-products/analytics
├ ○ /search
├ ○ /settings
├ ○ /subscriptions
├ ○ /trials
├ ○ /users
└ ○ /webhooks


ƒ Proxy (Middleware)

○  (Static)   prerendered as static content
ƒ  (Dynamic)  server-rendered on demand

